eeschema (2013-07-07 BZR 4022)-stable  >> Creation date: 8.1.2015 0:47:53
#Cmp ( order = Reference )
| D1         LED         
| D2         LED         
| D3         LED         
| D4         LED         
| D5         LED         
| D6         LED         
| D7         LED         
| D8         LED         
| D9         LED         
| D10        LED         
| D11        LED         
| D12        LED         
| D13        LED         
| D14        LED         
| D15        LED         
| D16        LED         
| D17        LED         
| D18        LED         
| D19        LED         
| D20        LED         
| D21        LED         
| D22        LED         
| D23        LED         
| D24        LED         
| D25        LED         
| D26        LED         
| D27        LED         
| D28        LED         
| D29        LED         
| D30        LED         
| D31        LED         
| D32        LED         
| D33        LED         
| D34        LED         
| D35        LED         
| D36        LED         
| D37        LED         
| D38        LED         
| D39        LED         
| D40        LED         
| D41        LED         
| D42        LED         
| D43        LED         
| D44        LED         
| D45        LED         
| D46        LED         
| D47        LED         
| D48        LED         
| D49        LED         
| D50        LED         
| D51        LED         
| D52        LED         
| D53        LED         
| D54        LED         
| D55        LED         
| D56        LED         
| D57        LED         
| D58        LED         
| D59        LED         
| D60        LED         
| D61        LED         
| D62        LED         
| D63        LED         
| D64        LED         
| P1         CONN_10X2   
| P2         CONN_8X2    
| P3         CONN_8X2    
| Q1         BC547       
| Q2         BC547       
| Q3         BC547       
| Q4         BC547       
| Q5         BC547       
| Q6         BC547       
| Q7         BC547       
| Q8         BC547       
| Q9         BC547       
| Q10        BC547       
| Q11        BC547       
| Q12        BC547       
| Q13        BC547       
| Q14        BC547       
| Q15        BC547       
| Q16        BC547       
| R1         R           
| R2         R           
| R3         R           
| R4         R           
| R5         R           
| R6         R           
| R7         R           
| R8         R           
| R9         R           
| R10        R           
| R11        R           
| R12        R           
| R13        R           
| R14        R           
| R15        R           
| R16        R           
#End Cmp

#Cmp (dle hodnoty)
| LED          D1        
| LED          D2        
| LED          D3        
| LED          D4        
| LED          D5        
| LED          D6        
| LED          D7        
| LED          D8        
| LED          D9        
| LED          D10       
| LED          D11       
| LED          D12       
| LED          D13       
| LED          D14       
| LED          D15       
| LED          D16       
| LED          D17       
| LED          D18       
| LED          D19       
| LED          D20       
| LED          D21       
| LED          D22       
| LED          D23       
| LED          D24       
| LED          D25       
| LED          D26       
| LED          D27       
| LED          D28       
| LED          D29       
| LED          D30       
| LED          D31       
| LED          D32       
| LED          D33       
| LED          D34       
| LED          D35       
| LED          D36       
| LED          D37       
| LED          D38       
| LED          D39       
| LED          D40       
| LED          D41       
| LED          D42       
| LED          D43       
| LED          D44       
| LED          D45       
| LED          D46       
| LED          D47       
| LED          D48       
| LED          D49       
| LED          D50       
| LED          D51       
| LED          D52       
| LED          D53       
| LED          D54       
| LED          D55       
| LED          D56       
| LED          D57       
| LED          D58       
| LED          D59       
| LED          D60       
| LED          D61       
| LED          D62       
| LED          D63       
| LED          D64       
| CONN_10X2    P1        
| CONN_8X2     P2        
| CONN_8X2     P3        
| BC547        Q1        
| BC547        Q2        
| BC547        Q3        
| BC547        Q4        
| BC547        Q5        
| BC547        Q6        
| BC547        Q7        
| BC547        Q8        
| BC547        Q9        
| BC547        Q10       
| BC547        Q11       
| BC547        Q12       
| BC547        Q13       
| BC547        Q14       
| BC547        Q15       
| BC547        Q16       
| R            R1        
| R            R2        
| R            R3        
| R            R4        
| R            R5        
| R            R6        
| R            R7        
| R            R8        
| R            R9        
| R            R10       
| R            R11       
| R            R12       
| R            R13       
| R            R14       
| R            R15       
| R            R16       
#Konec Cmp

#Konec seznamu
