eeschema (2013-07-07 BZR 4022)-stable  >> Creation date: 25.1.2015 14:13:11
#Cmp ( order = Reference )
| D1         LED_MATRIX_8X8_CC
| D2         LED_MATRIX_8X8_CC
| D3         LED_MATRIX_8X8_CC
| D4         LED_MATRIX_8X8_CC
| K1         CONN_3      
| P1         CONN_2      
| Q1         NPN-BEC     
| Q2         NPN-BEC     
| Q3         NPN-BEC     
| Q4         NPN-BEC     
| Q5         NPN-BEC     
| Q6         NPN-BEC     
| Q7         NPN-BEC     
| Q8         NPN-BEC     
| Q9         NPN-BEC     
| Q10        NPN-BEC     
| Q11        NPN-BEC     
| Q12        NPN-BEC     
| Q13        NPN-BEC     
| Q14        NPN-BEC     
| Q15        NPN-BEC     
| Q16        NPN-BEC     
| Q17        NPN-BEC     
| Q18        NPN-BEC     
| Q19        NPN-BEC     
| Q20        NPN-BEC     
| Q21        NPN-BEC     
| Q22        NPN-BEC     
| Q23        NPN-BEC     
| Q24        NPN-BEC     
| Q25        NPN-BEC     
| Q26        NPN-BEC     
| Q27        NPN-BEC     
| Q28        NPN-BEC     
| Q29        NPN-BEC     
| Q30        NPN-BEC     
| Q31        NPN-BEC     
| Q32        NPN-BEC     
| R1         560R        
| R2         560R        
| R3         560R        
| R4         560R        
| R5         560R        
| R6         560R        
| R7         560R        
| R8         560R        
| R9         560R        
| R10        560R        
| R11        560R        
| R12        560R        
| R13        560R        
| R14        560R        
| R15        560R        
| R16        560R        
| R17        180R        
| R18        180R        
| R19        180R        
| R20        180R        
| R21        180R        
| R22        180R        
| R23        180R        
| R24        180R        
| R25        180R        
| R26        180R        
| R27        180R        
| R28        180R        
| R29        180R        
| R30        180R        
| R31        180R        
| R32        180R        
| R33        330R        
| R34        330R        
| R35        330R        
| R36        330R        
| R37        330R        
| R38        330R        
| R39        330R        
| R40        330R        
| R41        330R        
| R42        330R        
| R43        330R        
| R44        330R        
| R45        330R        
| R46        330R        
| R47        330R        
| R48        330R        
| U1         74HC595     
| U2         74HC595     
| U3         74HC595     
| U4         74HC595     
#End Cmp

#Cmp (dle hodnoty)
| LED_MATRIX_8X8_CC D1        
| LED_MATRIX_8X8_CC D2        
| LED_MATRIX_8X8_CC D3        
| LED_MATRIX_8X8_CC D4        
| CONN_3       K1        
| CONN_2       P1        
| NPN-BEC      Q1        
| NPN-BEC      Q2        
| NPN-BEC      Q3        
| NPN-BEC      Q4        
| NPN-BEC      Q5        
| NPN-BEC      Q6        
| NPN-BEC      Q7        
| NPN-BEC      Q8        
| NPN-BEC      Q9        
| NPN-BEC      Q10       
| NPN-BEC      Q11       
| NPN-BEC      Q12       
| NPN-BEC      Q13       
| NPN-BEC      Q14       
| NPN-BEC      Q15       
| NPN-BEC      Q16       
| NPN-BEC      Q17       
| NPN-BEC      Q18       
| NPN-BEC      Q19       
| NPN-BEC      Q20       
| NPN-BEC      Q21       
| NPN-BEC      Q22       
| NPN-BEC      Q23       
| NPN-BEC      Q24       
| NPN-BEC      Q25       
| NPN-BEC      Q26       
| NPN-BEC      Q27       
| NPN-BEC      Q28       
| NPN-BEC      Q29       
| NPN-BEC      Q30       
| NPN-BEC      Q31       
| NPN-BEC      Q32       
| 180R         R17       
| 180R         R18       
| 180R         R19       
| 180R         R20       
| 180R         R21       
| 180R         R22       
| 180R         R23       
| 180R         R24       
| 180R         R25       
| 180R         R26       
| 180R         R27       
| 180R         R28       
| 180R         R29       
| 180R         R30       
| 180R         R31       
| 180R         R32       
| 330R         R33       
| 330R         R34       
| 330R         R35       
| 330R         R36       
| 330R         R37       
| 330R         R38       
| 330R         R39       
| 330R         R40       
| 330R         R41       
| 330R         R42       
| 330R         R43       
| 330R         R44       
| 330R         R45       
| 330R         R46       
| 330R         R47       
| 330R         R48       
| 560R         R1        
| 560R         R2        
| 560R         R3        
| 560R         R4        
| 560R         R5        
| 560R         R6        
| 560R         R7        
| 560R         R8        
| 560R         R9        
| 560R         R10       
| 560R         R11       
| 560R         R12       
| 560R         R13       
| 560R         R14       
| 560R         R15       
| 560R         R16       
| 74HC595      U1        
| 74HC595      U2        
| 74HC595      U3        
| 74HC595      U4        
#Konec Cmp

#Konec seznamu
